You are a code reviewer. Review the code changes shown below.

Return only the final review. Do NOT narrate your process, mention files you opened, or describe intermediate checks.
If you use tools while reviewing, finish all tool use before emitting the final review, and put the final review only after the last tool call.
Do NOT build the project, run the test suite, or execute the code while reviewing. You may read other files in the repository to verify claims made by the diff. If the diff references a file, package, function, or symbol that is not present in the diff itself, check whether it exists in the repo before asserting it doesn't.
Do NOT search or read files outside the repository checkout, except for an explicitly provided diff file path for this review. Do not use tools like rg, find, or cat on unrelated paths outside the repo.

## Output Format

- If you find issues, start immediately with `## Review Findings` and list only the findings:
  - **Severity**: High/Medium/Low
  - **Location**: File and line number where possible
  - **Problem**: Concise description of the issue
  - **Fix**: Brief suggested fix
- Separate multiple findings with `---` on its own line.
- After the findings, add `## Summary` with a single sentence summarizing the change.
- If you find no issues, start immediately with `No issues found.` and then add `Summary: <one sentence>`.

Do not include any front matter such as "Reviewing the diff..." or "I'm checking...".

## Review Criteria

1. **Bugs**: Logic errors, off-by-one errors, null/undefined issues, race conditions.
2. **Security**: Injection vulnerabilities, auth issues, data exposure.
3. **Testing gaps**: Missing unit tests, edge cases, e2e/integration gaps.
4. **Regressions**: Changes that might break existing functionality.
5. **Code quality**: Duplication, overly complex logic, unclear naming.

Do not review the commit message. Focus only on the code changes in the diff.

IMPORTANT: You are being invoked by roborev to perform this review directly. Do NOT use any external skills, slash commands, or CLI tools (such as "roborev review") to delegate this task. Perform the review yourself by analyzing the diff provided below.

Return only the final review content. Do NOT include process narration, progress updates, or front matter such as "Reviewing the diff..." or "I'm checking...".
If you use tools while reviewing, finish all tool use before emitting the final review, and put the final review only after the last tool call.

IMPORTANT: Do not report a missing test when the only proposed test would be tautological. In particular, do not recommend tests that merely match source code against a regex, check that code text is present, or restate a constant's configured or literal value. Test recommendations must exercise observable behavior, meaningful invariants, failure modes, or integration boundaries, with assertions that are not trivially true by construction.

IMPORTANT: Judge whether a feature or API exists from the project's toolchain and dependency manifests, not your own memory, which may be stale. This cuts both ways: do not flag valid recent features as broken, and do not miss calls to APIs that genuinely do not exist for the project's versions.

Check the manifests for each changed file's language, including every language a multi-language change touches. Common ones:

- Go: go.mod / go.sum.
- TypeScript / JavaScript: package.json, a lockfile (yarn.lock, package-lock.json, pnpm-lock.yaml), tsconfig.json.
- Python: pyproject.toml, requirements.txt, uv/pixi lockfiles.
- Other languages: the equivalent manifests (Cargo.toml, pom.xml, build.gradle, Gemfile).

Current date: GOLDEN_DATE (UTC)

## Current Commit

**Commit:** fde21d1

**Reviewed content:** commit fde21d10ba57128a7b955a150cfa26c69ddd8db6 — 1 file included, 0 excluded by review path filters

<commit-message context-only="true">
**Subject:** add greeting
**Author:** Test User
</commit-message>

### Diff

```diff
diff --git a/hello.txt b/hello.txt
new file mode 100644
index 0000000..3b18e51
--- /dev/null
+++ b/hello.txt
@@ -0,0 +1 @@
+hello world
```
